2026-08-28 18:39:01,227 - INFO - Starting pipeline for experiment 6790cab5-f50a-4ca4-837d-a14506a69c27
2026-08-28 18:39:01,234 - INFO - Importing MIRAGE modules...
2026-08-28 18:39:06,465 - INFO - TensorFlow version 2.21.0 available.
2026-08-28 18:39:38,161 - INFO - Use pytorch device_name: cpu
2026-08-28 18:39:38,162 - INFO - Load pretrained SentenceTransformer: BAAI/bge-small-en-v1.5
2026-08-28 18:39:38,481 - INFO - WS disconnected for experiment 6790cab5-f50a-4ca4-837d-a14506a69c27
2026-08-28 18:39:38,795 - INFO - WS connected for experiment 6790cab5-f50a-4ca4-837d-a14506a69c27. Total connections: 1
2026-08-28 18:39:40,366 - INFO - HTTP Request: HEAD https://huggingface.co/BAAI/bge-small-en-v1.5/resolve/main/modules.json "HTTP/1.1 307 Temporary Redirect"
2026-08-28 18:39:40,368 - WARNING - Warning: You are sending unauthenticated requests to the HF Hub. Please set a HF_TOKEN to enable higher rate limits and faster downloads.
2026-08-28 18:39:40,412 - INFO - HTTP Request: HEAD https://huggingface.co/api/resolve-cache/models/BAAI/bge-small-en-v1.5/5c38ec7c405ec4b44b94cc5a9bb96e735b38267a/modules.json "HTTP/1.1 200 OK"
2026-08-28 18:39:40,491 - INFO - HTTP Request: GET https://huggingface.co/api/resolve-cache/models/BAAI/bge-small-en-v1.5/5c38ec7c405ec4b44b94cc5a9bb96e735b38267a/modules.json "HTTP/1.1 200 OK"
2026-08-28 18:39:40,793 - INFO - HTTP Request: HEAD https://huggingface.co/BAAI/bge-small-en-v1.5/resolve/main/config_sentence_transformers.json "HTTP/1.1 307 Temporary Redirect"
2026-08-28 18:39:40,831 - INFO - HTTP Request: HEAD https://huggingface.co/api/resolve-cache/models/BAAI/bge-small-en-v1.5/5c38ec7c405ec4b44b94cc5a9bb96e735b38267a/config_sentence_transformers.json "HTTP/1.1 200 OK"
2026-08-28 18:39:40,950 - INFO - HTTP Request: GET https://huggingface.co/api/resolve-cache/models/BAAI/bge-small-en-v1.5/5c38ec7c405ec4b44b94cc5a9bb96e735b38267a/config_sentence_transformers.json "HTTP/1.1 200 OK"
2026-08-28 18:39:41,281 - INFO - HTTP Request: HEAD https://huggingface.co/BAAI/bge-small-en-v1.5/resolve/main/config_sentence_transformers.json "HTTP/1.1 307 Temporary Redirect"
2026-08-28 18:39:41,336 - INFO - HTTP Request: HEAD https://huggingface.co/api/resolve-cache/models/BAAI/bge-small-en-v1.5/5c38ec7c405ec4b44b94cc5a9bb96e735b38267a/config_sentence_transformers.json "HTTP/1.1 200 OK"
2026-08-28 18:39:41,615 - INFO - HTTP Request: HEAD https://huggingface.co/BAAI/bge-small-en-v1.5/resolve/main/README.md "HTTP/1.1 307 Temporary Redirect"
2026-08-28 18:39:41,658 - INFO - HTTP Request: HEAD https://huggingface.co/api/resolve-cache/models/BAAI/bge-small-en-v1.5/5c38ec7c405ec4b44b94cc5a9bb96e735b38267a/README.md "HTTP/1.1 200 OK"
2026-08-28 18:39:41,739 - INFO - HTTP Request: GET https://huggingface.co/api/resolve-cache/models/BAAI/bge-small-en-v1.5/5c38ec7c405ec4b44b94cc5a9bb96e735b38267a/README.md "HTTP/1.1 200 OK"
2026-08-28 18:39:42,259 - INFO - HTTP Request: HEAD https://huggingface.co/BAAI/bge-small-en-v1.5/resolve/main/modules.json "HTTP/1.1 307 Temporary Redirect"
2026-08-28 18:39:42,319 - INFO - HTTP Request: HEAD https://huggingface.co/api/resolve-cache/models/BAAI/bge-small-en-v1.5/5c38ec7c405ec4b44b94cc5a9bb96e735b38267a/modules.json "HTTP/1.1 200 OK"
2026-08-28 18:39:42,634 - INFO - HTTP Request: HEAD https://huggingface.co/BAAI/bge-small-en-v1.5/resolve/main/sentence_bert_config.json "HTTP/1.1 307 Temporary Redirect"
2026-08-28 18:39:42,678 - INFO - HTTP Request: HEAD https://huggingface.co/api/resolve-cache/models/BAAI/bge-small-en-v1.5/5c38ec7c405ec4b44b94cc5a9bb96e735b38267a/sentence_bert_config.json "HTTP/1.1 200 OK"
2026-08-28 18:39:42,747 - INFO - HTTP Request: GET https://huggingface.co/api/resolve-cache/models/BAAI/bge-small-en-v1.5/5c38ec7c405ec4b44b94cc5a9bb96e735b38267a/sentence_bert_config.json "HTTP/1.1 200 OK"
2026-08-28 18:39:43,091 - INFO - HTTP Request: HEAD https://huggingface.co/BAAI/bge-small-en-v1.5/resolve/main/adapter_config.json "HTTP/1.1 404 Not Found"
2026-08-28 18:39:43,397 - INFO - HTTP Request: HEAD https://huggingface.co/BAAI/bge-small-en-v1.5/resolve/main/config.json "HTTP/1.1 307 Temporary Redirect"
2026-08-28 18:39:43,441 - INFO - HTTP Request: HEAD https://huggingface.co/api/resolve-cache/models/BAAI/bge-small-en-v1.5/5c38ec7c405ec4b44b94cc5a9bb96e735b38267a/config.json "HTTP/1.1 200 OK"
2026-08-28 18:39:43,507 - INFO - HTTP Request: GET https://huggingface.co/api/resolve-cache/models/BAAI/bge-small-en-v1.5/5c38ec7c405ec4b44b94cc5a9bb96e735b38267a/config.json "HTTP/1.1 200 OK"
2026-08-28 18:39:43,930 - INFO - HTTP Request: HEAD https://huggingface.co/BAAI/bge-small-en-v1.5/resolve/main/config.json "HTTP/1.1 307 Temporary Redirect"
2026-08-28 18:39:43,981 - INFO - HTTP Request: HEAD https://huggingface.co/api/resolve-cache/models/BAAI/bge-small-en-v1.5/5c38ec7c405ec4b44b94cc5a9bb96e735b38267a/config.json "HTTP/1.1 200 OK"
2026-08-28 18:39:44,283 - INFO - HTTP Request: HEAD https://huggingface.co/BAAI/bge-small-en-v1.5/resolve/main/model.safetensors "HTTP/1.1 302 Found"
2026-08-28 18:39:45,471 - INFO - HTTP Request: GET https://huggingface.co/api/models/BAAI/bge-small-en-v1.5/xet-read-token/5c38ec7c405ec4b44b94cc5a9bb96e735b38267a "HTTP/1.1 200 OK"
2026-08-28 18:42:55,500 - INFO - HTTP Request: HEAD https://huggingface.co/BAAI/bge-small-en-v1.5/resolve/main/config.json "HTTP/1.1 307 Temporary Redirect"
2026-08-28 18:42:55,548 - INFO - HTTP Request: HEAD https://huggingface.co/api/resolve-cache/models/BAAI/bge-small-en-v1.5/5c38ec7c405ec4b44b94cc5a9bb96e735b38267a/config.json "HTTP/1.1 200 OK"
2026-08-28 18:42:56,029 - INFO - HTTP Request: HEAD https://huggingface.co/BAAI/bge-small-en-v1.5/resolve/main/tokenizer_config.json "HTTP/1.1 307 Temporary Redirect"
2026-08-28 18:42:56,069 - INFO - HTTP Request: HEAD https://huggingface.co/api/resolve-cache/models/BAAI/bge-small-en-v1.5/5c38ec7c405ec4b44b94cc5a9bb96e735b38267a/tokenizer_config.json "HTTP/1.1 200 OK"
2026-08-28 18:42:56,127 - INFO - HTTP Request: GET https://huggingface.co/api/resolve-cache/models/BAAI/bge-small-en-v1.5/5c38ec7c405ec4b44b94cc5a9bb96e735b38267a/tokenizer_config.json "HTTP/1.1 200 OK"
2026-08-28 18:42:56,506 - INFO - HTTP Request: GET https://huggingface.co/api/models/BAAI/bge-small-en-v1.5/tree/main/additional_chat_templates?recursive=false&expand=false "HTTP/1.1 404 Not Found"
2026-08-28 18:42:56,768 - INFO - HTTP Request: GET https://huggingface.co/api/models/BAAI/bge-small-en-v1.5/tree/main?recursive=true&expand=false "HTTP/1.1 200 OK"
2026-08-28 18:42:57,050 - INFO - HTTP Request: HEAD https://huggingface.co/BAAI/bge-small-en-v1.5/resolve/main/vocab.txt "HTTP/1.1 307 Temporary Redirect"
2026-08-28 18:42:57,090 - INFO - HTTP Request: HEAD https://huggingface.co/api/resolve-cache/models/BAAI/bge-small-en-v1.5/5c38ec7c405ec4b44b94cc5a9bb96e735b38267a/vocab.txt "HTTP/1.1 200 OK"
2026-08-28 18:42:57,438 - INFO - HTTP Request: GET https://huggingface.co/api/resolve-cache/models/BAAI/bge-small-en-v1.5/5c38ec7c405ec4b44b94cc5a9bb96e735b38267a/vocab.txt "HTTP/1.1 200 OK"
2026-08-28 18:42:57,917 - INFO - HTTP Request: HEAD https://huggingface.co/BAAI/bge-small-en-v1.5/resolve/main/tokenizer.json "HTTP/1.1 307 Temporary Redirect"
2026-08-28 18:42:57,967 - INFO - HTTP Request: HEAD https://huggingface.co/api/resolve-cache/models/BAAI/bge-small-en-v1.5/5c38ec7c405ec4b44b94cc5a9bb96e735b38267a/tokenizer.json "HTTP/1.1 200 OK"
2026-08-28 18:42:58,054 - INFO - HTTP Request: GET https://huggingface.co/api/resolve-cache/models/BAAI/bge-small-en-v1.5/5c38ec7c405ec4b44b94cc5a9bb96e735b38267a/tokenizer.json "HTTP/1.1 200 OK"
2026-08-28 18:42:58,712 - INFO - HTTP Request: HEAD https://huggingface.co/BAAI/bge-small-en-v1.5/resolve/main/added_tokens.json "HTTP/1.1 404 Not Found"
2026-08-28 18:42:59,067 - INFO - HTTP Request: HEAD https://huggingface.co/BAAI/bge-small-en-v1.5/resolve/main/special_tokens_map.json "HTTP/1.1 307 Temporary Redirect"
2026-08-28 18:42:59,116 - INFO - HTTP Request: HEAD https://huggingface.co/api/resolve-cache/models/BAAI/bge-small-en-v1.5/5c38ec7c405ec4b44b94cc5a9bb96e735b38267a/special_tokens_map.json "HTTP/1.1 200 OK"
2026-08-28 18:42:59,172 - INFO - HTTP Request: GET https://huggingface.co/api/resolve-cache/models/BAAI/bge-small-en-v1.5/5c38ec7c405ec4b44b94cc5a9bb96e735b38267a/special_tokens_map.json "HTTP/1.1 200 OK"
2026-08-28 18:42:59,477 - INFO - HTTP Request: HEAD https://huggingface.co/BAAI/bge-small-en-v1.5/resolve/main/chat_template.jinja "HTTP/1.1 404 Not Found"
2026-08-28 18:43:00,718 - INFO - HTTP Request: HEAD https://huggingface.co/BAAI/bge-small-en-v1.5/resolve/main/1_Pooling/config.json "HTTP/1.1 307 Temporary Redirect"
2026-08-28 18:43:00,896 - INFO - HTTP Request: HEAD https://huggingface.co/api/resolve-cache/models/BAAI/bge-small-en-v1.5/5c38ec7c405ec4b44b94cc5a9bb96e735b38267a/1_Pooling%2Fconfig.json "HTTP/1.1 200 OK"
2026-08-28 18:43:02,250 - INFO - HTTP Request: GET https://huggingface.co/api/resolve-cache/models/BAAI/bge-small-en-v1.5/5c38ec7c405ec4b44b94cc5a9bb96e735b38267a/1_Pooling%2Fconfig.json "HTTP/1.1 200 OK"
2026-08-28 18:43:02,751 - INFO - HTTP Request: GET https://huggingface.co/api/models/BAAI/bge-small-en-v1.5 "HTTP/1.1 200 OK"
2026-08-28 18:43:03,678 - ERROR - Pipeline Error: Torch not compiled with CUDA enabled
Traceback (most recent call last):
  File "E:\ALL PROJECTS\MIRAGE\RAG_PROJECT\MIRAGE\backend\pipeline_runner.py", line 211, in _run_pipeline_sync
    with Retriever(current_retriever_info) as retriever:
         ^^^^^^^^^^^^^^^^^^^^^^^^^^^^^^^^^
  File "E:\ALL PROJECTS\MIRAGE\RAG_PROJECT\MIRAGE\retriever.py", line 36, in __init__
    self.model = SentenceTransformer(self.retriever_repo, trust_remote_code=True, cache_folder=_HF_CACHE_DIR).to(self.device)
                 ^^^^^^^^^^^^^^^^^^^^^^^^^^^^^^^^^^^^^^^^^^^^^^^^^^^^^^^^^^^^^^^^^^^^^^^^^^^^^^^^^^^^^^^^^^^^^^^^^^^^^^^^^^^^
  File "C:\Users\dell\AppData\Roaming\Python\Python311\site-packages\torch\nn\modules\module.py", line 1383, in to
    return self._apply(convert)
           ^^^^^^^^^^^^^^^^^^^^
  File "C:\Users\dell\AppData\Roaming\Python\Python311\site-packages\torch\nn\modules\module.py", line 933, in _apply
    module._apply(fn)
  File "C:\Users\dell\AppData\Roaming\Python\Python311\site-packages\torch\nn\modules\module.py", line 933, in _apply
    module._apply(fn)
  File "C:\Users\dell\AppData\Roaming\Python\Python311\site-packages\torch\nn\modules\module.py", line 933, in _apply
    module._apply(fn)
  [Previous line repeated 1 more time]
  File "C:\Users\dell\AppData\Roaming\Python\Python311\site-packages\torch\nn\modules\module.py", line 964, in _apply
    param_applied = fn(param)
                    ^^^^^^^^^
  File "C:\Users\dell\AppData\Roaming\Python\Python311\site-packages\torch\nn\modules\module.py", line 1369, in convert
    return t.to(
           ^^^^^
  File "C:\Users\dell\AppData\Roaming\Python\Python311\site-packages\torch\cuda\__init__.py", line 484, in _lazy_init
    raise AssertionError("Torch not compiled with CUDA enabled")
AssertionError: Torch not compiled with CUDA enabled

